2026-09-10T23:14:47.966Z parent · tier-2 parent watchdog up · sup :22100 · web8081,8080 · dead>60000ms · sup-rss-hard 300MB · logfile /data/data/com.termux/files/home/aarkanum-labs-test/app/logs/parent.log
2026-09-10T23:15:48.019Z parent · device stats · mem 84% used · 547 MB free · load 0 · sup pid 17052 (58.3MB) · web served
2026-09-10T23:16:48.035Z parent · device stats · mem 85% used · 523 MB free · load 0 · sup pid 17052 (59.4MB) · web served
2026-09-10T23:17:48.059Z parent · device stats · mem 84% used · 545 MB free · load 0 · sup pid 17052 (59.4MB) · web served
2026-09-10T23:18:48.070Z parent · device stats · mem 84% used · 558 MB free · load 0 · sup pid 17052 (0MB) · web absent
2026-09-10T23:19:18.956Z parent · tier-2 parent watchdog up · sup :22100 · web8081,8080 · dead>60000ms · sup-rss-hard 300MB · logfile /data/data/com.termux/files/home/aarkanum-labs-test/app/logs/parent.log
2026-09-10T23:19:25.038Z parent · spawned node-tests/peer-supervisor.mjs port — pid 17759 → log /data/data/com.termux/files/home/.cache/opencode/tmp/parent-sup.log
2026-09-10T23:19:30.984Z parent · spawned node-tests/peer-supervisor.mjs port — pid 17778 → log /data/data/com.termux/files/home/.cache/opencode/tmp/parent-sup.log
2026-09-10T23:20:19.029Z parent · device stats · mem 84% used · 549 MB free · load 0 · sup pid 17778 (59.6MB) · web served
2026-09-10T23:21:19.049Z parent · device stats · mem 84% used · 544 MB free · load 0 · sup pid 17778 (59.8MB) · web served
2026-09-10T23:22:19.086Z parent · device stats · mem 89% used · 376 MB free · load 0 · sup pid 17778 (39.8MB) · web served
2026-09-10T23:23:19.092Z parent · device stats · mem 85% used · 513 MB free · load 0 · sup pid 17778 (34.2MB) · web served
2026-09-10T23:24:19.091Z parent · device stats · mem 79% used · 725 MB free · load 0 · sup pid 17778 (36.6MB) · web served
2026-09-10T23:25:19.094Z parent · device stats · mem 83% used · 611 MB free · load 0 · sup pid 17778 (32.2MB) · web served
2026-09-10T23:26:19.119Z parent · device stats · mem 81% used · 663 MB free · load 0 · sup pid 17778 (33.6MB) · web served
2026-09-10T23:27:19.137Z parent · device stats · mem 80% used · 700 MB free · load 0 · sup pid 17778 (34.6MB) · web served
2026-09-10T23:28:19.154Z parent · device stats · mem 82% used · 639 MB free · load 0 · sup pid 17778 (36.4MB) · web served
2026-09-10T23:29:19.184Z parent · device stats · mem 81% used · 657 MB free · load 0 · sup pid 17778 (37.3MB) · web served
2026-09-10T23:30:19.221Z parent · device stats · mem 81% used · 658 MB free · load 0 · sup pid 17778 (38.1MB) · web served
2026-09-10T23:31:19.248Z parent · device stats · mem 81% used · 656 MB free · load 0 · sup pid 17778 (38.7MB) · web served
2026-09-10T23:32:19.278Z parent · device stats · mem 82% used · 635 MB free · load 0 · sup pid 17778 (41.3MB) · web served
2026-09-10T23:33:19.313Z parent · device stats · mem 82% used · 630 MB free · load 0 · sup pid 17778 (41.2MB) · web served
2026-09-10T23:34:19.337Z parent · device stats · mem 81% used · 654 MB free · load 0 · sup pid 17778 (41.6MB) · web served
2026-09-10T23:35:19.373Z parent · device stats · mem 81% used · 654 MB free · load 0 · sup pid 17778 (41.1MB) · web served
2026-09-10T23:36:19.397Z parent · device stats · mem 81% used · 651 MB free · load 0 · sup pid 17778 (41.5MB) · web served
2026-09-10T23:37:19.428Z parent · device stats · mem 82% used · 647 MB free · load 0 · sup pid 17778 (41.5MB) · web served
2026-09-10T23:38:19.461Z parent · device stats · mem 82% used · 645 MB free · load 0 · sup pid 17778 (41.8MB) · web served
2026-09-10T23:39:19.470Z parent · device stats · mem 81% used · 656 MB free · load 0 · sup pid 17778 (42MB) · web served
2026-09-10T23:40:19.474Z parent · device stats · mem 81% used · 653 MB free · load 0 · sup pid 17778 (42.1MB) · web served
2026-09-10T23:41:19.486Z parent · device stats · mem 82% used · 646 MB free · load 0 · sup pid 17778 (42.5MB) · web served
2026-09-10T23:42:19.510Z parent · device stats · mem 82% used · 644 MB free · load 0 · sup pid 17778 (43.1MB) · web served
2026-09-10T23:43:19.543Z parent · device stats · mem 82% used · 641 MB free · load 0 · sup pid 17778 (43.3MB) · web served
2026-09-10T23:44:19.578Z parent · device stats · mem 82% used · 638 MB free · load 0 · sup pid 17778 (43.3MB) · web served
2026-09-10T23:45:19.614Z parent · device stats · mem 82% used · 636 MB free · load 0 · sup pid 17778 (43.4MB) · web served
2026-09-10T23:46:19.632Z parent · device stats · mem 82% used · 632 MB free · load 0 · sup pid 17778 (43.4MB) · web served
2026-09-10T23:47:19.671Z parent · device stats · mem 81% used · 653 MB free · load 0 · sup pid 17778 (43.4MB) · web served
2026-09-10T23:48:19.699Z parent · device stats · mem 81% used · 650 MB free · load 0 · sup pid 17778 (43.4MB) · web served
2026-09-10T23:49:19.731Z parent · device stats · mem 82% used · 642 MB free · load 0 · sup pid 17778 (43.6MB) · web served
2026-09-10T23:50:19.774Z parent · device stats · mem 85% used · 530 MB free · load 0 · sup pid 17778 (44MB) · web served
2026-09-10T23:51:19.796Z parent · device stats · mem 85% used · 540 MB free · load 0 · sup pid 17778 (44.1MB) · web served
2026-09-10T23:52:19.818Z parent · device stats · mem 84% used · 556 MB free · load 0 · sup pid 17778 (44.2MB) · web served
2026-09-10T23:53:19.852Z parent · device stats · mem 84% used · 559 MB free · load 0 · sup pid 17778 (44.1MB) · web served
2026-09-10T23:54:19.885Z parent · device stats · mem 84% used · 552 MB free · load 0 · sup pid 17778 (44MB) · web served
2026-09-10T23:55:19.917Z parent · device stats · mem 84% used · 545 MB free · load 0 · sup pid 17778 (43.5MB) · web served
2026-09-10T23:56:19.947Z parent · device stats · mem 85% used · 542 MB free · load 0 · sup pid 17778 (44MB) · web served
2026-09-10T23:57:19.985Z parent · device stats · mem 85% used · 541 MB free · load 0 · sup pid 17778 (44.3MB) · web served
2026-09-10T23:58:20.005Z parent · device stats · mem 83% used · 613 MB free · load 0 · sup pid 17778 (44.2MB) · web served
2026-09-11T00:23:22.834Z parent · device stats · mem 77% used · 801 MB free · load 0 · sup pid 17778 (30.9MB) · web served
2026-09-11T00:24:22.814Z parent · device stats · mem 80% used · 697 MB free · load 0 · sup pid 17778 (31.3MB) · web served
2026-09-11T00:25:22.833Z parent · device stats · mem 79% used · 719 MB free · load 0 · sup pid 17778 (37.1MB) · web served
2026-09-11T00:26:22.858Z parent · device stats · mem 79% used · 720 MB free · load 0 · sup pid 17778 (37.2MB) · web served
2026-09-11T00:27:22.863Z parent · device stats · mem 85% used · 517 MB free · load 0 · sup pid 17778 (36.5MB) · web served
2026-09-11T00:28:22.884Z parent · device stats · mem 86% used · 487 MB free · load 0 · sup pid 17778 (28.6MB) · web served
2026-09-11T00:29:22.891Z parent · device stats · mem 84% used · 567 MB free · load 0 · sup pid 17778 (30.3MB) · web served
2026-09-11T00:30:22.907Z parent · device stats · mem 86% used · 482 MB free · load 0 · sup pid 17778 (31.9MB) · web served
2026-09-11T00:31:22.919Z parent · device stats · mem 84% used · 558 MB free · load 0 · sup pid 17778 (38.3MB) · web served
2026-09-11T00:32:22.942Z parent · device stats · mem 84% used · 567 MB free · load 0 · sup pid 17778 (38.4MB) · web served
2026-09-11T00:33:22.947Z parent · device stats · mem 87% used · 442 MB free · load 0 · sup pid 17778 (38.6MB) · web served
2026-09-11T00:34:22.967Z parent · device stats · mem 84% used · 566 MB free · load 0 · sup pid 17778 (39.7MB) · web served
2026-09-11T00:35:22.976Z parent · device stats · mem 83% used · 605 MB free · load 0 · sup pid 17778 (45.4MB) · web served
2026-09-11T00:36:23.006Z parent · device stats · mem 83% used · 590 MB free · load 0 · sup pid 17778 (45.4MB) · web served
2026-09-11T00:37:23.027Z parent · device stats · mem 81% used · 670 MB free · load 0 · sup pid 17778 (44.9MB) · web served
2026-09-11T00:38:23.052Z parent · device stats · mem 82% used · 635 MB free · load 0 · sup pid 17778 (45.1MB) · web served
2026-09-11T00:39:23.053Z parent · device stats · mem 88% used · 419 MB free · load 0 · sup pid 17778 (44.8MB) · web served
2026-09-11T00:40:23.066Z parent · device stats · mem 88% used · 411 MB free · load 0 · sup pid 17778 (44.9MB) · web served
2026-09-11T00:41:23.075Z parent · device stats · mem 87% used · 444 MB free · load 0 · sup pid 17778 (45MB) · web served
2026-09-11T00:42:23.085Z parent · device stats · mem 88% used · 427 MB free · load 0 · sup pid 17778 (45.1MB) · web served
2026-09-11T00:43:23.095Z parent · device stats · mem 88% used · 438 MB free · load 0 · sup pid 17778 (44.9MB) · web served
2026-09-11T00:44:23.117Z parent · device stats · mem 88% used · 432 MB free · load 0 · sup pid 17778 (45.3MB) · web served
2026-09-11T00:45:23.136Z parent · device stats · mem 84% used · 566 MB free · load 0 · sup pid 17778 (38.9MB) · web served
2026-09-11T00:46:23.166Z parent · device stats · mem 80% used · 698 MB free · load 0 · sup pid 17778 (33.3MB) · web served
2026-09-11T00:47:23.185Z parent · device stats · mem 80% used · 710 MB free · load 0 · sup pid 17778 (34.2MB) · web served
2026-09-11T00:48:23.203Z parent · device stats · mem 80% used · 688 MB free · load 0 · sup pid 17778 (41.1MB) · web served
2026-09-11T01:20:17.219Z parent · device stats · mem 77% used · 803 MB free · load 0 · sup pid 17778 (41.5MB) · web served
2026-09-11T02:57:34.136Z parent · tier-2 parent watchdog up · sup :22100 · web8081,8080 · dead>60000ms · sup-rss-hard 300MB · logfile /data/data/com.termux/files/home/aarkanum-labs-test/app/logs/parent.log
2026-09-11T02:57:40.242Z parent · spawned node-tests/peer-supervisor.mjs port — pid 28652 → log /data/data/com.termux/files/home/.cache/opencode/tmp/parent-sup.log
2026-09-11T02:57:40.280Z parent · spawned app/serve.js port 8081 pid 28659 → log /data/data/com.termux/files/home/.cache/opencode/tmp/parent-web.log
2026-09-11T02:58:34.184Z parent · device stats · mem 88% used · 410 MB free · load 0 · sup pid 28652 (65.6MB) · web served
2026-09-11T02:59:34.178Z parent · device stats · mem 88% used · 424 MB free · load 0 · sup pid 28652 (67.5MB) · web served
2026-09-11T03:00:34.209Z parent · device stats · mem 85% used · 539 MB free · load 0 · sup pid 28652 (66.5MB) · web served
2026-09-11T03:01:34.213Z parent · device stats · mem 86% used · 489 MB free · load 0 · sup pid 28652 (63.9MB) · web served
2026-09-11T03:02:34.235Z parent · device stats · mem 85% used · 537 MB free · load 0 · sup pid 28652 (63.9MB) · web served
2026-09-11T03:03:34.238Z parent · device stats · mem 84% used · 555 MB free · load 0 · sup pid 28652 (64.9MB) · web served
2026-09-11T03:04:34.269Z parent · device stats · mem 85% used · 518 MB free · load 0 · sup pid 28652 (66.1MB) · web served
2026-09-11T03:05:34.280Z parent · device stats · mem 85% used · 524 MB free · load 0 · sup pid 28652 (67.6MB) · web served
2026-09-11T03:06:34.304Z parent · device stats · mem 83% used · 589 MB free · load 0 · sup pid 28652 (68.6MB) · web served
2026-09-11T03:07:34.318Z parent · device stats · mem 86% used · 500 MB free · load 0 · sup pid 28652 (67.7MB) · web served
2026-09-11T03:08:34.333Z parent · device stats · mem 86% used · 480 MB free · load 0 · sup pid 28652 (64.8MB) · web served
2026-09-11T03:09:34.332Z parent · device stats · mem 86% used · 498 MB free · load 0 · sup pid 28652 (66.6MB) · web served
2026-09-11T03:10:34.353Z parent · device stats · mem 86% used · 502 MB free · load 0 · sup pid 28652 (66.4MB) · web served
2026-09-11T03:11:34.352Z parent · device stats · mem 85% used · 525 MB free · load 0 · sup pid 28652 (66MB) · web served
2026-09-11T03:12:34.378Z parent · device stats · mem 85% used · 518 MB free · load 0 · sup pid 28652 (66.1MB) · web served
2026-09-11T03:13:34.388Z parent · device stats · mem 85% used · 530 MB free · load 0 · sup pid 28652 (66MB) · web served
2026-09-11T03:14:34.390Z parent · device stats · mem 85% used · 529 MB free · load 0 · sup pid 28652 (66.3MB) · web served
2026-09-11T03:15:34.410Z parent · device stats · mem 85% used · 524 MB free · load 0 · sup pid 28652 (66.7MB) · web served
2026-09-11T03:16:34.415Z parent · device stats · mem 85% used · 536 MB free · load 0 · sup pid 28652 (67.1MB) · web served
2026-09-11T03:17:34.433Z parent · device stats · mem 84% used · 558 MB free · load 0 · sup pid 28652 (66.2MB) · web served
2026-09-11T03:18:34.454Z parent · device stats · mem 84% used · 551 MB free · load 0 · sup pid 28652 (50.6MB) · web served
2026-09-11T03:19:34.478Z parent · device stats · mem 84% used · 570 MB free · load 0 · sup pid 28652 (48.3MB) · web served
2026-09-11T03:20:34.495Z parent · device stats · mem 84% used · 567 MB free · load 0 · sup pid 28652 (42MB) · web served
2026-09-11T03:21:34.498Z parent · device stats · mem 86% used · 504 MB free · load 0 · sup pid 28652 (43.7MB) · web served
2026-09-11T03:22:34.536Z parent · device stats · mem 86% used · 504 MB free · load 0 · sup pid 28652 (44.8MB) · web served
2026-09-11T03:23:34.566Z parent · device stats · mem 86% used · 500 MB free · load 0 · sup pid 28652 (45.5MB) · web served
2026-09-11T03:24:34.594Z parent · device stats · mem 83% used · 583 MB free · load 0 · sup pid 28652 (45.9MB) · web served
2026-09-11T03:25:34.609Z parent · device stats · mem 85% used · 541 MB free · load 0 · sup pid 28652 (44.6MB) · web served
2026-09-11T03:26:34.613Z parent · device stats · mem 83% used · 592 MB free · load 0 · sup pid 28652 (46.2MB) · web served
2026-09-11T03:27:34.623Z parent · device stats · mem 86% used · 488 MB free · load 0 · sup pid 28652 (46.4MB) · web served
2026-09-11T03:28:34.652Z parent · device stats · mem 85% used · 530 MB free · load 0 · sup pid 28652 (45.8MB) · web served
2026-09-11T03:29:34.647Z parent · device stats · mem 85% used · 518 MB free · load 0 · sup pid 28652 (46.3MB) · web served
2026-09-11T03:30:34.669Z parent · device stats · mem 84% used · 571 MB free · load 0 · sup pid 28652 (46.3MB) · web served
2026-09-11T03:31:34.677Z parent · device stats · mem 85% used · 525 MB free · load 0 · sup pid 28652 (46.5MB) · web served
2026-09-11T03:32:34.706Z parent · device stats · mem 86% used · 479 MB free · load 0 · sup pid 28652 (46.1MB) · web served
2026-09-11T03:33:34.733Z parent · device stats · mem 84% used · 572 MB free · load 0 · sup pid 28652 (46.8MB) · web served
2026-09-11T03:34:34.725Z parent · device stats · mem 85% used · 523 MB free · load 0 · sup pid 28652 (47MB) · web served
2026-09-11T03:35:34.743Z parent · device stats · mem 83% used · 593 MB free · load 0 · sup pid 28652 (46.9MB) · web served
2026-09-11T03:36:34.752Z parent · device stats · mem 88% used · 432 MB free · load 0 · sup pid 28652 (47.2MB) · web served
2026-09-11T03:37:34.769Z parent · device stats · mem 83% used · 589 MB free · load 0 · sup pid 28652 (46.7MB) · web served
2026-09-11T03:38:34.793Z parent · device stats · mem 85% used · 527 MB free · load 0 · sup pid 28652 (46.5MB) · web served
2026-09-11T03:39:34.800Z parent · device stats · mem 84% used · 573 MB free · load 0 · sup pid 28652 (46.4MB) · web served
2026-09-11T03:40:34.822Z parent · device stats · mem 83% used · 593 MB free · load 0 · sup pid 28652 (46.5MB) · web served
2026-09-11T03:41:34.833Z parent · device stats · mem 82% used · 624 MB free · load 0 · sup pid 28652 (46.5MB) · web served
2026-09-11T03:42:34.850Z parent · device stats · mem 86% used · 494 MB free · load 0 · sup pid 28652 (46.5MB) · web served
2026-09-11T03:43:34.858Z parent · device stats · mem 83% used · 610 MB free · load 0 · sup pid 28652 (47MB) · web served
2026-09-11T03:44:34.872Z parent · device stats · mem 85% used · 537 MB free · load 0 · sup pid 28652 (46.8MB) · web served
2026-09-11T03:45:34.901Z parent · device stats · mem 87% used · 448 MB free · load 0 · sup pid 28652 (46.1MB) · web served
2026-09-11T03:46:34.912Z parent · device stats · mem 88% used · 421 MB free · load 0 · sup pid 28652 (45.8MB) · web served
2026-09-11T03:47:34.934Z parent · device stats · mem 85% used · 535 MB free · load 0 · sup pid 28652 (45.8MB) · web served
2026-09-11T03:48:34.953Z parent · device stats · mem 89% used · 395 MB free · load 0 · sup pid 28652 (45.2MB) · web served
2026-09-11T03:49:34.961Z parent · device stats · mem 85% used · 519 MB free · load 0 · sup pid 28652 (45.3MB) · web served
2026-09-11T03:50:34.988Z parent · device stats · mem 87% used · 469 MB free · load 0 · sup pid 28652 (45.5MB) · web served
2026-09-11T03:51:34.993Z parent · device stats · mem 84% used · 548 MB free · load 0 · sup pid 28652 (46.4MB) · web served
2026-09-11T03:52:35.080Z parent · device stats · mem 89% used · 376 MB free · load 0 · sup pid 28652 (33.3MB) · web served
2026-09-11T03:53:35.058Z parent · device stats · mem 85% used · 543 MB free · load 0 · sup pid 28652 (23.8MB) · web served
2026-09-11T03:54:35.049Z parent · device stats · mem 85% used · 533 MB free · load 0 · sup pid 28652 (25.4MB) · web served
2026-09-11T03:55:35.055Z parent · device stats · mem 86% used · 490 MB free · load 0 · sup pid 28652 (32.7MB) · web served
2026-09-11T03:56:35.072Z parent · device stats · mem 86% used · 491 MB free · load 0 · sup pid 28652 (38MB) · web served
2026-09-11T03:57:35.085Z parent · device stats · mem 86% used · 488 MB free · load 0 · sup pid 28652 (39.6MB) · web served
2026-09-11T03:58:35.092Z parent · device stats · mem 87% used · 448 MB free · load 0 · sup pid 28652 (45.3MB) · web served
2026-09-11T03:59:35.101Z parent · device stats · mem 87% used · 458 MB free · load 0 · sup pid 28652 (45.5MB) · web served
2026-09-11T04:00:35.113Z parent · device stats · mem 88% used · 432 MB free · load 0 · sup pid 28652 (43.9MB) · web served
2026-09-11T04:01:35.134Z parent · device stats · mem 85% used · 511 MB free · load 0 · sup pid 28652 (44.6MB) · web served
2026-09-11T04:02:35.144Z parent · device stats · mem 84% used · 564 MB free · load 0 · sup pid 28652 (43.8MB) · web served
2026-09-11T04:03:35.167Z parent · device stats · mem 87% used · 462 MB free · load 0 · sup pid 28652 (42.2MB) · web served
2026-09-11T04:04:35.192Z parent · device stats · mem 89% used · 371 MB free · load 0 · sup pid 28652 (37.9MB) · web served
2026-09-11T04:05:35.208Z parent · device stats · mem 89% used · 390 MB free · load 0 · sup pid 28652 (32.8MB) · web served
2026-09-11T04:06:35.219Z parent · device stats · mem 89% used · 379 MB free · load 0 · sup pid 28652 (41.3MB) · web served
2026-09-11T04:07:35.229Z parent · device stats · mem 84% used · 565 MB free · load 0 · sup pid 28652 (42.3MB) · web served
2026-09-11T04:08:35.257Z parent · device stats · mem 82% used · 630 MB free · load 0 · sup pid 28652 (41.3MB) · web served
2026-09-11T04:09:35.276Z parent · device stats · mem 87% used · 469 MB free · load 0 · sup pid 28652 (37.2MB) · web served
2026-09-11T04:10:35.302Z parent · device stats · mem 86% used · 505 MB free · load 0 · sup pid 28652 (34MB) · web served
2026-09-11T04:11:35.339Z parent · device stats · mem 84% used · 558 MB free · load 0 · sup pid 28652 (34.2MB) · web served
2026-09-11T04:12:35.357Z parent · device stats · mem 82% used · 622 MB free · load 0 · sup pid 28652 (38.2MB) · web served
2026-09-11T04:13:35.369Z parent · device stats · mem 83% used · 585 MB free · load 0 · sup pid 28652 (39.1MB) · web served
2026-09-11T04:14:35.373Z parent · device stats · mem 83% used · 593 MB free · load 0 · sup pid 28652 (39.5MB) · web served
2026-09-11T04:15:35.392Z parent · device stats · mem 85% used · 541 MB free · load 0 · sup pid 28652 (41.6MB) · web served
2026-09-11T04:16:35.414Z parent · device stats · mem 85% used · 538 MB free · load 0 · sup pid 28652 (41.4MB) · web served
2026-09-11T04:17:35.429Z parent · device stats · mem 83% used · 582 MB free · load 0 · sup pid 28652 (41.1MB) · web served
2026-09-11T04:18:35.473Z parent · device stats · mem 81% used · 651 MB free · load 0 · sup pid 28652 (41.1MB) · web served
2026-09-11T04:19:35.506Z parent · device stats · mem 82% used · 645 MB free · load 0 · sup pid 28652 (41.6MB) · web served
2026-09-11T04:20:35.541Z parent · device stats · mem 82% used · 637 MB free · load 0 · sup pid 28652 (41.7MB) · web served
2026-09-11T04:21:35.565Z parent · device stats · mem 83% used · 608 MB free · load 0 · sup pid 28652 (41.6MB) · web served
2026-09-11T04:22:35.595Z parent · device stats · mem 84% used · 573 MB free · load 0 · sup pid 28652 (41.7MB) · web served
2026-09-11T04:23:35.610Z parent · device stats · mem 82% used · 635 MB free · load 0 · sup pid 28652 (41.8MB) · web served
2026-09-11T04:24:35.641Z parent · device stats · mem 83% used · 589 MB free · load 0 · sup pid 28652 (43.1MB) · web served
2026-09-11T04:25:35.648Z parent · device stats · mem 83% used · 594 MB free · load 0 · sup pid 28652 (42.9MB) · web served
2026-09-11T04:26:35.660Z parent · device stats · mem 84% used · 550 MB free · load 0 · sup pid 28652 (42.6MB) · web served
2026-09-11T04:27:35.687Z parent · device stats · mem 89% used · 386 MB free · load 0 · sup pid 28652 (34.2MB) · web served
2026-09-11T04:28:35.714Z parent · device stats · mem 87% used · 450 MB free · load 0 · sup pid 28652 (27.4MB) · web served
2026-09-11T04:29:35.721Z parent · device stats · mem 87% used · 453 MB free · load 0 · sup pid 28652 (31.4MB) · web served
2026-09-11T04:30:35.747Z parent · device stats · mem 83% used · 582 MB free · load 0 · sup pid 28652 (32.6MB) · web served
2026-09-11T04:31:35.743Z parent · device stats · mem 85% used · 528 MB free · load 0 · sup pid 28652 (33.7MB) · web served
2026-09-11T04:32:35.758Z parent · device stats · mem 87% used · 457 MB free · load 0 · sup pid 28652 (32.2MB) · web served
2026-09-11T04:33:35.773Z parent · device stats · mem 87% used · 472 MB free · load 0 · sup pid 28652 (38.8MB) · web served
2026-09-11T04:34:35.786Z parent · device stats · mem 86% used · 493 MB free · load 0 · sup pid 28652 (39.3MB) · web served
2026-09-11T04:35:35.823Z parent · device stats · mem 85% used · 519 MB free · load 0 · sup pid 28652 (39.6MB) · web served
2026-09-11T04:36:35.849Z parent · device stats · mem 86% used · 473 MB free · load 0 · sup pid 28652 (39.5MB) · web served
2026-09-11T04:37:35.852Z parent · device stats · mem 87% used · 462 MB free · load 0 · sup pid 28652 (40.8MB) · web served
2026-09-11T04:38:35.898Z parent · device stats · mem 87% used · 448 MB free · load 0 · sup pid 28652 (40.8MB) · web served
2026-09-11T04:39:35.928Z parent · device stats · mem 86% used · 474 MB free · load 0 · sup pid 28652 (40.6MB) · web served
2026-09-11T04:40:35.975Z parent · device stats · mem 87% used · 453 MB free · load 0 · sup pid 28652 (40.7MB) · web served
2026-09-11T04:41:35.966Z parent · device stats · mem 88% used · 437 MB free · load 0 · sup pid 28652 (40.9MB) · web served
2026-09-11T04:42:35.984Z parent · device stats · mem 87% used · 465 MB free · load 0 · sup pid 28652 (40.9MB) · web served
2026-09-11T04:43:35.998Z parent · device stats · mem 86% used · 492 MB free · load 0 · sup pid 28652 (40.8MB) · web served
2026-09-11T04:44:36.012Z parent · device stats · mem 88% used · 430 MB free · load 0 · sup pid 28652 (40.5MB) · web served
2026-09-11T04:45:36.027Z parent · device stats · mem 88% used · 423 MB free · load 0 · sup pid 28652 (40.5MB) · web served
2026-09-11T04:46:36.033Z parent · device stats · mem 86% used · 505 MB free · load 0 · sup pid 28652 (40.2MB) · web served
2026-09-11T04:47:36.043Z parent · device stats · mem 86% used · 477 MB free · load 0 · sup pid 28652 (40.3MB) · web served
2026-09-11T04:48:36.057Z parent · device stats · mem 85% used · 527 MB free · load 0 · sup pid 28652 (40.3MB) · web served
2026-09-11T04:49:36.068Z parent · device stats · mem 88% used · 418 MB free · load 0 · sup pid 28652 (41MB) · web served
2026-09-11T04:50:36.095Z parent · device stats · mem 89% used · 388 MB free · load 0 · sup pid 28652 (42.5MB) · web served
2026-09-11T04:51:36.097Z parent · device stats · mem 86% used · 492 MB free · load 0 · sup pid 28652 (43.6MB) · web served
2026-09-11T04:52:36.117Z parent · device stats · mem 88% used · 434 MB free · load 0 · sup pid 28652 (43.5MB) · web served
2026-09-11T04:53:36.120Z parent · device stats · mem 87% used · 457 MB free · load 0 · sup pid 28652 (41.7MB) · web served
2026-09-11T04:54:36.135Z parent · device stats · mem 83% used · 597 MB free · load 0 · sup pid 28652 (32.6MB) · web served
2026-09-11T04:55:36.160Z parent · device stats · mem 84% used · 557 MB free · load 0 · sup pid 28652 (33.6MB) · web served
2026-09-11T04:56:36.172Z parent · device stats · mem 85% used · 510 MB free · load 0 · sup pid 28652 (34.3MB) · web served
2026-09-11T04:57:36.187Z parent · device stats · mem 86% used · 488 MB free · load 0 · sup pid 28652 (35.3MB) · web served
2026-09-11T04:58:36.207Z parent · device stats · mem 86% used · 500 MB free · load 0 · sup pid 28652 (41MB) · web served
2026-09-11T04:59:36.227Z parent · device stats · mem 84% used · 555 MB free · load 0 · sup pid 28652 (41.1MB) · web served
2026-09-11T05:00:36.229Z parent · device stats · mem 89% used · 401 MB free · load 0 · sup pid 28652 (41.6MB) · web served
2026-09-11T05:01:36.247Z parent · device stats · mem 90% used · 348 MB free · load 0 · sup pid 28652 (39.4MB) · web served
2026-09-11T05:02:36.251Z parent · device stats · mem 86% used · 474 MB free · load 0 · sup pid 28652 (38.4MB) · web served
2026-09-11T05:03:36.270Z parent · device stats · mem 86% used · 500 MB free · load 0 · sup pid 28652 (38.5MB) · web served
2026-09-11T05:04:36.294Z parent · device stats · mem 86% used · 494 MB free · load 0 · sup pid 28652 (38.8MB) · web served
2026-09-11T05:05:36.304Z parent · device stats · mem 85% used · 524 MB free · load 0 · sup pid 28652 (39MB) · web served
2026-09-11T05:06:36.341Z parent · device stats · mem 86% used · 493 MB free · load 0 · sup pid 28652 (42.6MB) · web served
2026-09-11T05:07:36.335Z parent · device stats · mem 85% used · 531 MB free · load 0 · sup pid 28652 (42.3MB) · web served
2026-09-11T05:08:36.350Z parent · device stats · mem 85% used · 524 MB free · load 0 · sup pid 28652 (42.3MB) · web served
2026-09-11T05:09:36.361Z parent · device stats · mem 85% used · 538 MB free · load 0 · sup pid 28652 (42.2MB) · web served
2026-09-11T05:10:36.374Z parent · device stats · mem 90% used · 344 MB free · load 0 · sup pid 28652 (42.4MB) · web served
2026-09-11T05:11:36.385Z parent · device stats · mem 87% used · 449 MB free · load 0 · sup pid 28652 (37.4MB) · web served
2026-09-11T05:12:36.399Z parent · device stats · mem 86% used · 505 MB free · load 0 · sup pid 28652 (38.5MB) · web served
2026-09-11T05:13:36.413Z parent · device stats · mem 86% used · 477 MB free · load 0 · sup pid 28652 (38.6MB) · web served
2026-09-11T05:14:36.443Z parent · device stats · mem 87% used · 457 MB free · load 0 · sup pid 28652 (43.9MB) · web served
2026-09-11T05:15:36.436Z parent · device stats · mem 89% used · 370 MB free · load 0 · sup pid 28652 (44.1MB) · web served
2026-09-11T05:16:36.466Z parent · device stats · mem 85% used · 532 MB free · load 0 · sup pid 28652 (44.2MB) · web served
2026-09-11T05:17:36.471Z parent · device stats · mem 89% used · 372 MB free · load 0 · sup pid 28652 (41.5MB) · web served
2026-09-11T05:18:36.512Z parent · device stats · mem 85% used · 536 MB free · load 0 · sup pid 28652 (36MB) · web served
2026-09-11T05:19:36.501Z parent · device stats · mem 85% used · 512 MB free · load 0 · sup pid 28652 (34.8MB) · web served
2026-09-11T05:20:36.522Z parent · device stats · mem 84% used · 563 MB free · load 0 · sup pid 28652 (28.7MB) · web served
2026-09-11T05:21:36.526Z parent · device stats · mem 86% used · 484 MB free · load 0 · sup pid 28652 (29.8MB) · web served
2026-09-11T05:22:36.544Z parent · device stats · mem 86% used · 495 MB free · load 0 · sup pid 28652 (31.7MB) · web served
2026-09-11T05:23:36.565Z parent · device stats · mem 88% used · 430 MB free · load 0 · sup pid 28652 (39.6MB) · web served
2026-09-11T05:24:36.579Z parent · device stats · mem 86% used · 494 MB free · load 0 · sup pid 28652 (39.9MB) · web served
2026-09-11T05:25:36.593Z parent · device stats · mem 88% used · 419 MB free · load 0 · sup pid 28652 (40.8MB) · web served
